// Jest Snapshot v1, https://goo.gl/fbAQLP

exports[`Modal renders without crashing 1`] = `
<DocumentFragment>
  <div
    class="sc-qOvoE hIfWnJ sc-qWSGh dpgLb"
  />
</DocumentFragment>
`;
