// Jest Snapshot v1, https://goo.gl/fbAQLP

exports[`DonationList renders without crashing 1`] = `
<DocumentFragment>
  <div
    class="sc-pkfPC haHNKR sc-psDhf iAENMo"
  >
    <div
      class="sc-AxirZ sc-AxhCb sc-qQxFs iHzsts"
      width="1"
    >
      <div
        class="sc-AxhUy ilqMHx"
      >
        No donations yet...
      </div>
    </div>
  </div>
</DocumentFragment>
`;
