// Jest Snapshot v1, https://goo.gl/fbAQLP

exports[`Donors Page renders without crashing 1`] = `
<DocumentFragment>
  <div
    class="sc-pbJYR hNzbLI sc-pkfPC jpeBiC"
  >
    <div
      class="sc-AxjAm sc-AxiKw bENblX"
      width="1"
    >
      <div
        class="sc-AxjAm sc-AxiKw iPzLAe"
        width="1"
      >
        <div
          class="sc-AxhCb fppuj"
          font-size="3"
        >
          Donors
        </div>
        <a
          class="sc-qYUWV eihaii"
          href="/donors/new"
        >
          <button
            class="sc-oUOMp ilrkvl"
            color="primary"
          >
            New Donor
          </button>
        </a>
      </div>
      <input
        class="sc-pTWqp dTCfH"
        font-size="2,,1"
        id="search"
        placeholder="Search"
      />
      <div
        class="sc-AxjAm sc-AxiKw sc-psDhf iXvOkL"
        width="1"
      >
        <div
          class="sc-AxhCb exqJiw"
        >
          No donors yet...
        </div>
      </div>
    </div>
  </div>
</DocumentFragment>
`;
