// Jest Snapshot v1, https://goo.gl/fbAQLP

exports[`ProductPage renders without crashing 1`] = `
<DocumentFragment>
  <div
    class="sc-pbJYR hNzbLI sc-pkfPC jpeBiC"
  >
    <div>
      Product
    </div>
  </div>
</DocumentFragment>
`;
