// Jest Snapshot v1, https://goo.gl/fbAQLP

exports[`Providers renders without crashing 1`] = `
<DocumentFragment>
  <div
    class="sc-pbJYR hNzbLI sc-pkfPC fCxHK"
  />
</DocumentFragment>
`;
