// Jest Snapshot v1, https://goo.gl/fbAQLP

exports[`Form renders without crashing 1`] = `
<DocumentFragment>
  <div
    class="sc-pbJYR hNzbLI sc-pkfPC fQMEfn"
  >
    <div
      class="sc-AxjAm sc-AxiKw sc-qQxFs dNNRWZ"
    >
      <div
        class="sc-AxjAm sc-AxiKw sc-qYUWV sa-don"
      >
        <input
          class="sc-pTWqp fyIUKN"
          font-size="2,,1"
          placeholder="First Input"
        />
        <input
          class="sc-pTWqp fyIUKN"
          font-size="2,,1"
          placeholder="Second Input"
        />
        <input
          class="sc-pTWqp fyIUKN"
          font-size="2,,1"
          placeholder="Third Input"
        />
      </div>
      <div
        class="sc-AxjAm sc-AxiKw sc-psDhf iCfenm"
      />
    </div>
  </div>
</DocumentFragment>
`;
