// Jest Snapshot v1, https://goo.gl/fbAQLP

exports[`HouseholdItemDonationForm renders without crashing 1`] = `
<DocumentFragment>
  <div
    class="sc-pkfPC haHNKR sc-psDhf iAENMo"
  >
    <input
      class="sc-qcrrk sc-qQxFs iUvCRq"
      id="name"
      name="name"
      placeholder="Name"
      value=""
    />
    <input
      class="sc-qcrrk sc-qQxFs iUvCRq"
      id="description"
      name="description"
      placeholder="Description"
      value=""
    />
    <input
      class="sc-qcrrk sc-qQxFs iUvCRq"
      id="quantity-name"
      name="quantityName"
      placeholder="Quantity Name"
      value=""
    />
    <div
      class="sc-AxirZ sc-AxhCb sc-pbvYO lbwXdz"
      width="1"
    >
      <div
        aria-expanded="false"
        aria-haspopup="listbox"
        aria-labelledby="downshift-0-label"
        role="combobox"
        style="position: relative; width: 100%;"
      >
        <input
          aria-autocomplete="list"
          aria-labelledby="downshift-0-label"
          autocomplete="off"
          class="sc-qcrrk gTabPy sc-pJipy guPmcd"
          font-size="2,,1"
          id="downshift-0-input"
          placeholder="Location Search"
          value=""
          width="1"
        />
        <div
          aria-labelledby="downshift-0-label"
          class="sc-AxirZ sc-pCPXO sc-qYUWV iPxrxw"
          height="256px"
          id="downshift-0-menu"
          role="listbox"
        />
      </div>
    </div>
    <label
      class="sc-pdKru dQCRbh"
      color="border.light"
      font-size="10px"
      font-weight="bold"
    >
      Notes
      <textarea
        class="sc-pAYXY sc-prrfo jgdyQH"
        id="notes"
        name="notes"
      />
    </label>
  </div>
</DocumentFragment>
`;
