// Jest Snapshot v1, https://goo.gl/fbAQLP

exports[`ModalFooter renders without crashing 1`] = `
<DocumentFragment>
  <div
    class="sc-pbJYR hNzbLI sc-pkfPC fCxHK"
  >
    <div
      class="sc-AxjAm sc-AxiKw sc-psDhf efsLuN"
    >
      <button
        class="sc-oUOMp hMxAoF"
        color="background.light"
      >
        Close
      </button>
      <button
        class="sc-oUOMp gVrnEU"
        color="primary"
      >
        Confirm
      </button>
    </div>
  </div>
</DocumentFragment>
`;
