// Jest Snapshot v1, https://goo.gl/fbAQLP

exports[`Sidebar renders without crashing 1`] = `
<DocumentFragment>
  <div
    class="sc-pbJYR hNzbLI sc-pkfPC jpeBiC"
  >
    <div
      class="sc-AxjAm sc-AxiKw sc-pRtcU duboaV"
      color="tertiary.dark"
      width="200"
    />
  </div>
</DocumentFragment>
`;
