// Jest Snapshot v1, https://goo.gl/fbAQLP

exports[`Input renders without crashing 1`] = `
<DocumentFragment>
  <div
    class="sc-pkfPC haHNKR sc-psDhf iAENMo"
  >
    <input
      class="sc-qcrrk sc-qQxFs iUvCRq"
    />
  </div>
</DocumentFragment>
`;
