// Jest Snapshot v1, https://goo.gl/fbAQLP

exports[`ButtonGroup renders without crashing 1`] = `
<DocumentFragment>
  <div
    class="sc-pbJYR hNzbLI sc-pkfPC fCxHK"
  >
    <div
      class="sc-AxjAm sc-AxiKw sc-psDhf dCBSxT"
    />
  </div>
</DocumentFragment>
`;
