// Jest Snapshot v1, https://goo.gl/fbAQLP

exports[`Link renders without crashing 1`] = `
<DocumentFragment>
  <div
    class="sc-qOvoE hIfWnJ sc-qWSGh dpgLb"
  >
    <a
      class="sc-pAMRk fwRIZg"
      href=""
    />
  </div>
</DocumentFragment>
`;
